../Core/Inc/InitArrayMap.h:23:5:IntEntry::IntEntry(int, int)	24	static
../Core/Inc/InitArrayMap.h:33:5:StringEntry::StringEntry(int, const char*)	24	static
/opt/st/stm32cubeide_1.15.0/plugins/com.st.stm32cube.ide.mcu.externaltools.gnu-tools-for-stm32.12.3.rel1.linux64_1.0.100.202403111256/tools/arm-none-eabi/include/c++/12.3.1/arm-none-eabi/thumb/v8-m.main+fp/hard/bits/gthr-default.h:229:1:int __gthread_key_delete(__gthread_key_t)	16	static
../Core/Src/firmware.cpp:30:13:const char* firmwareWrite(const char*, int, char, const void*)	32	static
../Core/Src/firmware.cpp:50:6:void firmwareWriteInt(int, int)	48	static
../Core/Src/firmware.cpp:64:6:void firmwareWriteString(int, const char*)	64	static
../Core/Src/firmware.cpp:79:5:int firmwareGetInt(int)	24	static
../Core/Src/firmware.cpp:88:13:const char* firmwareGetString(int)	24	static
../Core/Src/firmware.cpp:97:6:void firmwareFlush(uint32_t*, size_t&)	40	static
../Core/Src/firmware.cpp:126:13:const char* loadFirmware()	272	static
../Core/Src/firmware.cpp:139:13:const char* flashFirmware()	272	static
../Core/Src/firmware.cpp:150:6:void processFirmwareBuffer(uint8_t*, size_t)	128	static
../Core/Src/firmware.cpp:205:13:const char* firmwareOpen(const char*)	16	static
../Core/Src/firmware.cpp:210:13:const char* firmwareSaveHandles(const char*, int)	24	static
../Core/Src/firmware.cpp:232:5:int firmwareGetIDFromName(const char*)	24	static
../Core/Src/firmware.cpp:239:1:void __static_initialization_and_destruction_0(int, int)	24	static
../Core/Src/firmware.cpp:239:1:cpp)	8	static
../Core/Src/firmware.cpp:239:1:cpp)	8	static
