/opt/st/stm32cubeide_1.15.0/plugins/com.st.stm32cube.ide.mcu.externaltools.gnu-tools-for-stm32.12.3.rel1.linux64_1.0.100.202403111256/tools/arm-none-eabi/include/c++/12.3.1/arm-none-eabi/thumb/v8-m.main+fp/hard/bits/gthr-default.h:229:1:int __gthread_key_delete(__gthread_key_t)	16	static
../Core/Src/flashFile.cpp:33:13:const char* readAndLoadFlashData(const char*, uint8_t*, size_t&)	32	static
../Core/Src/flashFile.cpp:57:13:const char* fileOpen(const char*)	24	static
../Core/Src/flashFile.cpp:83:13:const char* fileWrite(const char*, uint32_t*, size_t)	32	static
../Core/Src/flashFile.cpp:105:1:void __static_initialization_and_destruction_0(int, int)	16	static
../Core/Src/flashFile.cpp:105:1:cpp)	8	static
../Core/Src/flashFile.cpp:105:1:cpp)	8	static
