/opt/st/stm32cubeide_1.15.0/plugins/com.st.stm32cube.ide.mcu.externaltools.gnu-tools-for-stm32.12.3.rel1.linux64_1.0.100.202403111256/tools/arm-none-eabi/include/c++/12.3.1/bits/char_traits.h:374:7:static int std::char_traits<char>::compare(const char_type*, const char_type*, std::size_t)	24	static
../Core/Src/param_store.cpp:54:6:void param_store_init()	24	static
../Core/Src/param_store.cpp:79:6:void param_store_getAll()	40	static
../Core/Src/param_store.cpp:101:6:void param_store_buildMap()	16	static
../Core/Src/param_store.cpp:116:6:void param_store_setIntItem(int, int)	16	static
../Core/Src/param_store.cpp:126:5:int param_store_getIntItem(int)	16	static
../Core/Src/param_store.cpp:135:13:const char* param_store_getStringItem(int)	16	static
../Core/Src/param_store.cpp:144:6:void param_store_setString(int, const char*)	16	static
../Core/Src/param_store.cpp:154:6:char param_checkStoreDefaults()	80	static
../Core/Src/param_store.cpp:209:6:void param_store_dump()	16	static
/opt/st/stm32cubeide_1.15.0/plugins/com.st.stm32cube.ide.mcu.externaltools.gnu-tools-for-stm32.12.3.rel1.linux64_1.0.100.202403111256/tools/arm-none-eabi/include/c++/12.3.1/bits/basic_string.h:3661:5:bool std::operator!=(const __cxx11::basic_string<_CharT, _Traits, _Alloc>&, const __cxx11::basic_string<_CharT, _Traits, _Alloc>&) [with _CharT = char; _Traits = char_traits<char>; _Alloc = allocator<char>]	16	static
/opt/st/stm32cubeide_1.15.0/plugins/com.st.stm32cube.ide.mcu.externaltools.gnu-tools-for-stm32.12.3.rel1.linux64_1.0.100.202403111256/tools/arm-none-eabi/include/c++/12.3.1/bits/basic_string.h:3592:5:typename __gnu_cxx::__enable_if<std::__is_char<_Tp>::__value, bool>::__type std::operator==(const __cxx11::basic_string<_CharT>&, const __cxx11::basic_string<_CharT>&) [with _CharT = char]	24	static
../Core/Src/param_store.cpp:220:1:void __static_initialization_and_destruction_0(int, int)	32	static
../Core/Src/param_store.cpp:220:1:cpp)	8	static
../Core/Src/param_store.cpp:220:1:cpp)	8	static
